// Vitest Snapshot v1, https://vitest.dev/guide/snapshot.html

exports[`corpus findings snapshot > ecopaste 1`] = `[]`;

exports[`corpus findings snapshot > surrealist 1`] = `[]`;

exports[`corpus findings snapshot > tauri-helloworld-v1 1`] = `[]`;

exports[`corpus findings snapshot > tauri-isolation-v1 1`] = `[]`;

exports[`corpus findings snapshot > yaak 1`] = `[]`;
